cargo :    Compiling ui-viewer v0.1.2 
(C:\Users\Dean\Documents\appgen\da_chunks\src\talgonite\ui-viewer)
At line:1 char:1
+ cargo build -p ui-viewer > build_output.txt 2>&1
+ ~~~~~~~~~~~~~~~~~~~~~~~~~~~~~~~~~~~~~~~~~~~~~~~~
    + CategoryInfo          : NotSpecified: (   Compiling ui...ni 
   te\ui-viewer):String) [], RemoteException
    + FullyQualifiedErrorId : NativeCommandError
 
error[E0433]: failed to resolve: could not find `Duration` in 
`slint`
  --> ui-viewer\src\main.rs:90:35
   |
90 |                 time_left: slint::Duration::from_millis(0),
   |                                   ^^^^^^^^ could not find 
`Duration` in `slint`
   |
help: consider importing this struct
   |
 1 + use std::time::Duration;
   |
help: if you import `Duration`, refer to it directly
   |
90 -                 time_left: slint::Duration::from_millis(0),
90 +                 time_left: Duration::from_millis(0),
   |

error[E0433]: failed to resolve: could not find `Duration` in 
`slint`
  --> ui-viewer\src\main.rs:91:31
   |
91 |                 total: slint::Duration::from_millis(5000),
   |                               ^^^^^^^^ could not find 
`Duration` in `slint`
   |
help: consider importing this struct
   |
 1 + use std::time::Duration;
   |
help: if you import `Duration`, refer to it directly
   |
91 -                 total: slint::Duration::from_millis(5000),
91 +                 total: Duration::from_millis(5000),
   |

error[E0433]: failed to resolve: could not find `Duration` in 
`slint`
   --> ui-viewer\src\main.rs:134:52
    |
134 |             cooldown: Cooldown { time_left: 
slint::Duration::default(), total: slint::Duration::default() },
    |                                                    ^^^^^^^^ 
could not find `Duration` in `slint`
    |
help: consider importing this struct
    |
  1 + use std::time::Duration;
    |
help: if you import `Duration`, refer to it directly
    |
134 -             cooldown: Cooldown { time_left: 
slint::Duration::default(), total: slint::Duration::default() },
134 +             cooldown: Cooldown { time_left: 
Duration::default(), total: slint::Duration::default() },
    |

error[E0433]: failed to resolve: could not find `Duration` in 
`slint`
   --> ui-viewer\src\main.rs:134:87
    |
134 |             cooldown: Cooldown { time_left: 
slint::Duration::default(), total: slint::Duration::default() },
    |                                                             
                          ^^^^^^^^ could not find `Duration` in 
`slint`
    |
help: consider importing this struct
    |
  1 + use std::time::Duration;
    |
help: if you import `Duration`, refer to it directly
    |
134 -             cooldown: Cooldown { time_left: 
slint::Duration::default(), total: slint::Duration::default() },
134 +             cooldown: Cooldown { time_left: 
slint::Duration::default(), total: Duration::default() },
    |

warning: unused import: `SharedString`
 --> ui-viewer\src\main.rs:3:37
  |
3 | use slint::{ComponentHandle, Model, SharedString, VecModel};
  |                                     ^^^^^^^^^^^^
  |
  = note: `#[warn(unused_imports)]` (part of `#[warn(unused)]`) 
on by default

error[E0624]: method `set_current_view` is private
      --> ui-viewer\src\main.rs:41:13
       |
    41 |         app.set_current_view(component.into());
       |             ^^^^^^^^^^^^^^^^ private method
       |
      ::: C:\Users\Dean\Documents\appgen\da_chunks\src\talgonite\t
arget\debug\build\ui-viewer-f54ec33b28b8e6c3\out\viewer.rs:142877:
32
       |
142877 |          # [allow (dead_code)] fn set_current_view (& 
self , _private_property : ()) {
       |                                
----------------------------------------------------- private 
method defined here

error[E0599]: no method named `clone` found for struct 
`SocialStatusState<'a>` in the current scope
    --> ui-viewer\src\main.rs:56:21
     |
  56 |         let ss = ss.clone();
     |                     ^^^^^ method not found in 
`SocialStatusState<'_>`
     |
    ::: C:\Users\Dean\Documents\appgen\da_chunks\src\talgonite\tar
get\debug\build\ui-viewer-f54ec33b28b8e6c3\out\viewer.rs:2716:25
     |
2716 |      # [allow (unused)] pub struct r#SocialStatusState < 
'a > (& 'a :: core :: pin :: Pin < sp :: Rc < 
InnerSocialStatusState >>) ;
     |                         
------------------------------------- method `clone` not found 
for this struct
     |
     = help: items from traits can only be used if the trait is 
implemented and in scope
     = note: the following trait defines an item `clone`, perhaps 
you need to implement it:
             candidate #1: `std::clone::Clone`

warning: unused import: `Model`
 --> ui-viewer\src\main.rs:3:30
  |
3 | use slint::{ComponentHandle, Model, SharedString, VecModel};
  |                              ^^^^^

Some errors have detailed explanations: E0433, E0599, E0624.
For more information about an error, try `rustc --explain E0433`.
warning: `ui-viewer` (bin "ui-viewer") generated 2 warnings
error: could not compile `ui-viewer` (bin "ui-viewer") due to 6 
previous errors; 2 warnings emitted
